Copyright 1986-2018 Xilinx, Inc. All Rights Reserved.
---------------------------------------------------------------------------------------------------------------------------------------------------------------------------------------------------------------
| Tool Version : Vivado v.2018.2 (win64) Build 2258646 Thu Jun 14 20:03:12 MDT 2018
| Date         : Mon Mar  2 01:50:56 2020
| Host         : Pine-Ripper running 64-bit major release  (build 9200)
| Command      : report_bus_skew -warn_on_violation -file nexys4fpga_v1_bus_skew_postroute_physopted.rpt -pb nexys4fpga_v1_bus_skew_postroute_physopted.pb -rpx nexys4fpga_v1_bus_skew_postroute_physopted.rpx
| Design       : nexys4fpga_v1
| Device       : 7a100t-csg324
| Speed File   : -1  PRODUCTION 1.22 2018-03-21
---------------------------------------------------------------------------------------------------------------------------------------------------------------------------------------------------------------

Bus Skew Report

No bus skew constraints

