Copyright 1986-2018 Xilinx, Inc. All Rights Reserved.
---------------------------------------------------------------------------------------
| Tool Version : Vivado v.2018.2 (win64) Build 2258646 Thu Jun 14 20:03:12 MDT 2018
| Date         : Sun Mar  1 23:25:35 2020
| Host         : Pine-Ripper running 64-bit major release  (build 9200)
| Command      : report_control_sets -verbose -file Nexys4fpga_control_sets_placed.rpt
| Design       : Nexys4fpga
| Device       : xc7a100t
---------------------------------------------------------------------------------------

Control Set Information

Table of Contents
-----------------
1. Summary
2. Histogram
3. Flip-Flop Distribution
4. Detailed Control Set Information

1. Summary
----------

+----------------------------------------------------------+-------+
|                          Status                          | Count |
+----------------------------------------------------------+-------+
| Number of unique control sets                            |    28 |
| Unused register locations in slices containing registers |    32 |
+----------------------------------------------------------+-------+


2. Histogram
------------

+--------+--------------+
| Fanout | Control Sets |
+--------+--------------+
|      8 |            1 |
|    16+ |           27 |
+--------+--------------+


3. Flip-Flop Distribution
-------------------------

+--------------+-----------------------+------------------------+-----------------+--------------+
| Clock Enable | Synchronous Set/Reset | Asynchronous Set/Reset | Total Registers | Total Slices |
+--------------+-----------------------+------------------------+-----------------+--------------+
| No           | No                    | No                     |             218 |           39 |
| No           | No                    | Yes                    |               0 |            0 |
| No           | Yes                   | No                     |             714 |           88 |
| Yes          | No                    | No                     |             210 |           29 |
| Yes          | No                    | Yes                    |               0 |            0 |
| Yes          | Yes                   | No                     |             738 |          117 |
+--------------+-----------------------+------------------------+-----------------+--------------+


4. Detailed Control Set Information
-----------------------------------

+-------------------------------+-------------------------------------+-----------------------------------+------------------+----------------+
|          Clock Signal         |            Enable Signal            |          Set/Reset Signal         | Slice Load Count | Bel Load Count |
+-------------------------------+-------------------------------------+-----------------------------------+------------------+----------------+
|  generated_clock/inst/clk_100 |                                     | DB/SS[0]                          |                3 |              8 |
|  generated_clock/inst/clk_100 | OUTMUX/BINBCD/bin_reg1              | OUTMUX/BINBCD/done_conversion     |                2 |             16 |
|  generated_clock/inst/clk_100 | OUTMUX/BINBCD/bin_reg_0             | OUTMUX/BINBCD/bin_reg[31]_i_1_n_0 |                3 |             30 |
|  generated_clock/inst/clk_100 | CTL/inputs_reg[0][15][0]            | DB/JA_OBUF[1]                     |                4 |             32 |
|  generated_clock/inst/clk_100 | CTL/Q[1]                            | DB/JA_OBUF[1]                     |                5 |             32 |
|  generated_clock/inst/clk_100 | CTL/E[0]                            | DB/JA_OBUF[1]                     |                6 |             32 |
|  generated_clock/inst/clk_100 | CTL/inputs_reg[10][0][0]            | DB/JA_OBUF[1]                     |                8 |             32 |
|  generated_clock/inst/clk_100 | CTL/inputs_reg[11][0][0]            | DB/JA_OBUF[1]                     |                7 |             32 |
|  generated_clock/inst/clk_100 | CTL/inputs_reg[13][0][0]            | DB/JA_OBUF[1]                     |                4 |             32 |
|  generated_clock/inst/clk_100 | CTL/inputs_reg[3][15][0]            | DB/JA_OBUF[1]                     |                3 |             32 |
|  generated_clock/inst/clk_100 | CTL/inputs_reg[1][15][0]            | DB/JA_OBUF[1]                     |                5 |             32 |
|  generated_clock/inst/clk_100 | CTL/inputs_reg[4][15][0]            | DB/JA_OBUF[1]                     |                3 |             32 |
|  generated_clock/inst/clk_100 | CTL/inputs_reg[2][15][0]            | DB/JA_OBUF[1]                     |                5 |             32 |
|  generated_clock/inst/clk_100 | CTL/inputs_reg[7][15][0]            | DB/JA_OBUF[1]                     |                6 |             32 |
|  generated_clock/inst/clk_100 | CTL/inputs_reg[8][0][0]             | DB/JA_OBUF[1]                     |                6 |             32 |
|  generated_clock/inst/clk_100 | CTL/inputs_reg[5][15][0]            | DB/JA_OBUF[1]                     |                3 |             32 |
|  generated_clock/inst/clk_100 | CTL/inputs_reg[6][15][0]            | DB/JA_OBUF[1]                     |                3 |             32 |
|  generated_clock/inst/clk_100 | CTL/inputs_reg[9][0][0]             | DB/JA_OBUF[1]                     |                5 |             32 |
|  generated_clock/inst/clk_100 | OUTMUX/BINBCD/bin_reg_0             |                                   |                6 |             34 |
|  generated_clock/inst/clk_100 | DB/state_reg[15][0]                 | DB/JA_OBUF[1]                     |                7 |             34 |
|  generated_clock/inst/clk_100 | CTL/Q[0]                            | DB/JA_OBUF[1]                     |               12 |             50 |
|  generated_clock/inst/clk_100 |                                     | DB/db_count[31]_i_1_n_0           |                8 |             62 |
|  generated_clock/inst/clk_100 | OUTMUX/BINBCD/dat_bcd_o[31]_i_1_n_0 | DB/JA_OBUF[1]                     |               12 |             64 |
|  generated_clock/inst/clk_100 | OUTMUX/BINBCD/bcd_reg               | OUTMUX/BINBCD/bcd_reg[31]_i_1_n_0 |                8 |             64 |
|  generated_clock/inst/clk_100 |                                     | DB/JA_OBUF[0]                     |               10 |             70 |
|  generated_clock/inst/clk_100 | DB/db_count[31]_i_1_n_0             |                                   |               23 |            176 |
|  generated_clock/inst/clk_100 |                                     |                                   |               39 |            218 |
|  generated_clock/inst/clk_100 |                                     | DB/JA_OBUF[1]                     |               67 |            574 |
+-------------------------------+-------------------------------------+-----------------------------------+------------------+----------------+


